$ bun run --filter @nilo/app build
@nilo/app prebuild: $ bun scripts/generate-sitemap.ts
@nilo/app prebuild: Generating sitemap.xml for Nilo...
@nilo/app prebuild: Sitemap generated: /home/nate/Oxy/Nilo/.worktrees/1519-final-sdk-adoption-20261003/apps/app/public/sitemap.xml
@nilo/app prebuild: Sitemap copied to: /home/nate/Oxy/Nilo/.worktrees/1519-final-sdk-adoption-20261003/apps/app/dist/sitemap.xml
@nilo/app prebuild: Total URLs in sitemap: 1
@nilo/app prebuild: Exited with code 0
@nilo/app build: $ bun scripts/validate-api-origin.ts
@nilo/app build: › Reading Expo settings from (if any):
@nilo/app build:   [90m/home/nate/Oxy/Nilo/.worktrees/1519-final-sdk-adoption-20261003/apps/app/app.json[0m
@nilo/app build:   [90mExpo project with metro bundler detected[0m
@nilo/app build: 
@nilo/app build: › Copying 'canvaskit.wasm' file to public folder:
@nilo/app build:   [90m/home/nate/Oxy/Nilo/.worktrees/1519-final-sdk-adoption-20261003/apps/app/public/canvaskit.wasm[0m
@nilo/app build: 
@nilo/app build: [32m› Success! You are almost there:[0m
@nilo/app build: [90m› To load React Native Skia Web,
@nilo/app build: follow these instructions: https://shopify.github.io/react-native-skia/docs/getting-started/web[0m
@nilo/app build: Expo Autolinking module resolution enabled
@nilo/app build: Starting Metro Bundler
@nilo/app build: 
@nilo/app build:  WARN  Attempted to import the module "/home/nate/Oxy/Nilo/.worktrees/1519-final-sdk-adoption-20261003/node_modules/@noble/hashes/crypto.js" which is not listed in the "exports" of "/home/nate/Oxy/Nilo/.worktrees/1519-final-sdk-adoption-20261003/node_modules/@noble/hashes" under the requested subpath "./crypto.js". Falling back to file-based resolution. Consider updating the call site or asking the package maintainer(s) to expose this API.
@nilo/app build: Web Bundled 20492ms apps/app/index.web.tsx (6906 modules)
@nilo/app build: Could not parse Expo config: android.googleServicesFile: "./google-services.json"
@nilo/app build: 
@nilo/app build: › Assets (33):
@nilo/app build: ../../node_modules/@expo/vector-icons/build/vendor/react-native-vector-icons/Fonts/FontAwesome.b06871f281fee6b241d60582ae9369b9.ttf (166KB)
@nilo/app build: ../../node_modules/@oxy.so/bloom/lib/module/fonts/assets/BlomusModernus-Bold.c8e4c906b137ccc90f9aa1fbccbe85b2.woff2 (78KB)
@nilo/app build: ../../node_modules/@oxy.so/bloom/lib/module/fonts/assets/BlomusModernus-Regular.6a898c26aeb50e6f31189d06dd2bf3e9.woff2 (78KB)
@nilo/app build: ../../node_modules/@oxy.so/bloom/lib/module/fonts/assets/InterVariable.260c81a4759baf163c025001c4f27872.woff2 (48KB)
@nilo/app build: ../../node_modules/@oxy.so/bloom/lib/module/fonts/assets/JetBrainsMono-Variable.b058178d7f309414f8f856b99fd80d9b.woff2 (40KB)
@nilo/app build: ../../node_modules/@oxy.so/services/lib/module/assets/fonts/icons/OxyServicesIonicons.48b1d8ee549a265d0c1aa67fed7fbca2.ttf (43KB)
@nilo/app build: ../../node_modules/@oxy.so/services/lib/module/assets/fonts/icons/OxyServicesMaterialCommunityIcons.88d575089a17d9d10e08c411fd7105ba.ttf (29KB)
@nilo/app build: ../../node_modules/@oxy.so/services/lib/module/assets/signIn/slide-1.b29a38b76e9e9e426cc152c3a1a56a73.jpg (102KB)
@nilo/app build: ../../node_modules/@oxy.so/services/lib/module/assets/signIn/slide-2.045f767e731a6b2801ce1ea8dbda92f5.jpg (88KB)
@nilo/app build: ../../node_modules/@oxy.so/services/lib/module/assets/signIn/slide-3.32a001447e68adf690be104bddcce0ef.jpg (59KB)
@nilo/app build: ../../node_modules/@oxy.so/services/lib/module/assets/signIn/slide-4.1de81f0781c3c99c5615d0ec8eb5dee6.jpg (47KB)
@nilo/app build: ../../node_modules/expo-router/assets/arrow_down.017bc6ba3fc25503e5eb5e53826d48a8.png (9.5KB)
@nilo/app build: ../../node_modules/expo-router/assets/error.d1ea1496f9057eb392d5bbf3732a61b7.png (469B)
@nilo/app build: ../../node_modules/expo-router/assets/file.19eeb73b9593a38f8e9f418337fc7d10.png (138B)
@nilo/app build: ../../node_modules/expo-router/assets/forward.d8b800c443b8972542883e0b9de2bdc6.png (188B)
@nilo/app build: ../../node_modules/expo-router/assets/pkg.ab19f4cbc543357183a20571f68380a3.png (364B)
@nilo/app build: ../../node_modules/expo-router/assets/react-navigation/drawer/toggle-drawer-icon.ae74bb20586a731af545e6b00fe14a09.png (116B)
@nilo/app build: ../../node_modules/expo-router/assets/react-navigation/elements/back-icon-mask.0a328cd9c1afd0afe8e3b1ec5165b1b4.png (653B)
@nilo/app build: ../../node_modules/expo-router/assets/react-navigation/elements/back-icon.35ba0eaec5a4f5ed12ca16fabeae451d.png (207B)
@nilo/app build: ../../node_modules/expo-router/assets/react-navigation/elements/clear-icon.c94f6478e7ae0cdd9f15de1fcb9e5e55.png (4 variations | 425B)
@nilo/app build: ../../node_modules/expo-router/assets/react-navigation/elements/close-icon.808e1b1b9b53114ec2838071a7e6daa7.png (4 variations | 235B)
@nilo/app build: ../../node_modules/expo-router/assets/react-navigation/elements/search-icon.286d67d3f74808a60a78d3ebf1a5fb57.png (928B)
@nilo/app build: ../../node_modules/expo-router/assets/sitemap.412dd9275b6b48ad28f5e3d81bb1f626.png (465B)
@nilo/app build: ../../node_modules/expo-router/assets/unmatched.20e71bdf79e3a97bf55fd9e164041578.png (4.8KB)
@nilo/app build: assets/fonts/Inter-Italic-VariableFont_opsz,wght.6dce17792107f0321537c2f1e9f12866.ttf (905KB)
@nilo/app build: assets/fonts/Inter-VariableFont_opsz,wght.0a77e23a8fdbe6caefd53cb04c26fabc.ttf (875KB)
@nilo/app build: assets/fonts/SpaceMono-Regular.49a79d66bdea2debf1832bf4d7aca127.ttf (93KB)
@nilo/app build: 
@nilo/app build: › web bundles (133):
@nilo/app build: _expo/static/css/global-2defdf1f01888b86f8b1083171210dc1.css (86KB)
@nilo/app build: _expo/static/js/web/__common-553b4bd07b592462903b852d9becff32.js (3.3MB)
@nilo/app build: _expo/static/js/web/__expo-metro-runtime-1f8f5d3ca6b7f58204d51e14506d73fb.js (3.8KB)
@nilo/app build: _expo/static/js/web/abnfDiagram-VCTEODGH-26044372f2b4d0126ff2030ace2019e0.js (2KB)
@nilo/app build: _expo/static/js/web/AccountMembersScreen-0139e9b635380fec08b9eb626de4b4eb.js (10KB)
@nilo/app build: _expo/static/js/web/AccountSettingsScreen-959a0e368572daf24dbf8373afcc48dc.js (6KB)
@nilo/app build: _expo/static/js/web/AccountVerificationScreen-107af70b6d31f88248ceee28194e2a50.js (7.3KB)
@nilo/app build: _expo/static/js/web/AppInfoScreen-f38734f6121738663a660712a2f1099b.js (12KB)
@nilo/app build: _expo/static/js/web/ar-5867576779dc59cfe71ae19ca7e7454b.js (178KB)
@nilo/app build: _expo/static/js/web/ar-SA-a09ec60b994b6b69ae78f4fff6383af1.js (35KB)
@nilo/app build: _expo/static/js/web/architecture-7GRP2DOG-791effe0916452c9ed35e96d86cb2c31.js (359B)
@nilo/app build: _expo/static/js/web/architectureDiagram-5GKGNRK7-e15e02c9e87baebc0afa1b643a78431e.js (151KB)
@nilo/app build: _expo/static/js/web/AvatarCropScreen-26914a3daf0091c1bbfa374de1219f72.js (21KB)
@nilo/app build: _expo/static/js/web/blockDiagram-I7D4REHJ-6db744c828d0a8d9b7fc723fd02935ab.js (40KB)
@nilo/app build: _expo/static/js/web/bn-56aa0731a6664bf0ce9ab4389c33ebc6.js (173KB)
@nilo/app build: _expo/static/js/web/c4Diagram-7LVT6UL2-7e542e49bb4ffe152b756c02eb1c4439.js (66KB)
@nilo/app build: _expo/static/js/web/ca-3e34c38594ed22d78c9e6d757e4c93d7.js (67KB)
@nilo/app build: _expo/static/js/web/ca-ES-5c0b78e5e12059a22893921e18e355bd.js (13KB)
@nilo/app build: _expo/static/js/web/ChangeAvatarScreen-9dbecfcc9f50fffd8f1d038cb31c6767.js (4.4KB)
@nilo/app build: _expo/static/js/web/classDiagram-v2-VYDZK3BY-74f0c0ade9e7a4b5ca952faa443616b1.js (651B)
@nilo/app build: _expo/static/js/web/classDiagram-ZZMXUADV-537abd92655227dc30cd321f89942901.js (651B)
@nilo/app build: _expo/static/js/web/ConnectedAppsScreen-300e200652aa25f45f40dac077d2f8dd.js (3.1KB)
@nilo/app build: _expo/static/js/web/cose-bilkent-JH36ORCC-932dbdf83ca5cd5c21d775a998faf04b.js (82KB)
@nilo/app build: _expo/static/js/web/CreateAccountScreen-da32196ec713d63316b016790f80aa79.js (7.5KB)
@nilo/app build: _expo/static/js/web/cynefin-OW5HDTMX-7f676277f9211055af71f2bc2322c66b.js (339B)
@nilo/app build: _expo/static/js/web/cynefinDiagram-5FMLGOSQ-71e3793e8465f144442e5aa08c02e3d3.js (11KB)
@nilo/app build: _expo/static/js/web/dagre-GXQ25YYZ-ef5e069cd00ccf901753c6a6cfcb3630.js (12KB)
@nilo/app build: _expo/static/js/web/de-16ba70345f0131827788b642d6dcc0e5.js (66KB)
@nilo/app build: _expo/static/js/web/de-DE-8085d4d7857d68554c4ed984f508c580.js (14KB)
@nilo/app build: _expo/static/js/web/DeleteAccountScreen-e308502d6d6b199208cf41079da8a126.js (352B)
@nilo/app build: _expo/static/js/web/diagram-S7CK7UJ4-537ec5d4dcd1c5b40b0b65986d5765d9.js (8.8KB)
@nilo/app build: _expo/static/js/web/diagram-UQ7AKVKN-4a72b426dd8b4fa2bd8b2988c336a7bb.js (6.7KB)
@nilo/app build: _expo/static/js/web/diagram-VSXAHHWV-3da3b2ce35faba4041874eaae8b9ba78.js (12KB)
@nilo/app build: _expo/static/js/web/diagram-VX7I27RA-38adfb0dc6d876bf349f9f1a16a8b120.js (12KB)
@nilo/app build: _expo/static/js/web/diagram-Z3DM3KII-e4ee71100097b4595e7743afee52c09f.js (4.6KB)
@nilo/app build: _expo/static/js/web/DomainsScreen-6feabc1d08182b1aa3485e4411359aaf.js (4.4KB)
@nilo/app build: _expo/static/js/web/ebnfDiagram-PWID7BFC-ed56e535cf65e91d2c0552f531e5aafc.js (2.2KB)
@nilo/app build: _expo/static/js/web/EditProfileFieldScreen-dc14bb5d499d52598baa1cb69cf7d81c.js (31KB)
@nilo/app build: _expo/static/js/web/EditProfileScreen-61f02c86472ff26b7b9f07de4db5e635.js (3.5KB)
@nilo/app build: _expo/static/js/web/erDiagram-RLTQ6QDP-392031026af6d80fef529f3b4bf0cb6c.js (31KB)
@nilo/app build: _expo/static/js/web/es-ecfb9206062c4938a8d571d1719f606e.js (67KB)
@nilo/app build: _expo/static/js/web/es-ES-b35abb102666803c907952b72b34b477.js (67KB)
@nilo/app build: _expo/static/js/web/eventmodeling-NTZA5JFV-4339e3122cfac97b2274f89094c5cac0.js (363B)
@nilo/app build: _expo/static/js/web/FileManagementScreen-8fb4a0900056325439a322f4a095fbd6.js (65KB)
@nilo/app build: _expo/static/js/web/flowDiagram-HODETNUW-4ff98a27c41fa5bf023984d449e1c80a.js (535B)
@nilo/app build: _expo/static/js/web/FollowersListScreen-2a735f7d7d78b9200da17fdf7f084636.js (316B)
@nilo/app build: _expo/static/js/web/FollowingListScreen-02c0b05dec020cc3d105ecbe0a87ec9f.js (316B)
@nilo/app build: _expo/static/js/web/fr-ed306a10ee748267720c21665d7d3ea8.js (70KB)
@nilo/app build: _expo/static/js/web/fr-FR-fda0ba5bee4e3c0b0c6091afa0ad62c0.js (14KB)
@nilo/app build: _expo/static/js/web/ganttDiagram-EL5Y4UJY-940b065ba603d591435037a754b5a000.js (52KB)
@nilo/app build: _expo/static/js/web/gitGraph-4MIJSDKK-37670238743d9c5c7c2dac6c1b88ba72.js (343B)
@nilo/app build: _expo/static/js/web/gitGraphDiagram-WWUBYQGX-d31943cbe2f31b37ed6974708cbe1f25.js (31KB)
@nilo/app build: _expo/static/js/web/Haptics-b4e793760600b7a00907463f34d47a5c.js (3.6KB)
@nilo/app build: _expo/static/js/web/HelpSupportScreen-667324229f16a9ec25f02a8c4ad6e093.js (2.9KB)
@nilo/app build: _expo/static/js/web/hi-33cf966ebe27098b380d68923112e652.js (168KB)
@nilo/app build: _expo/static/js/web/HistoryViewScreen-48ba9a3a2ab92b7ffbe42bd8a95b7f83.js (4KB)
@nilo/app build: _expo/static/js/web/id-773be5fd0093bad9900b0e7b2ef1e2e3.js (61KB)
@nilo/app build: _expo/static/js/web/ImagePicker-1fa9b927e3544d30caab2ccc8198a809.js (8.6KB)
@nilo/app build: _expo/static/js/web/index-04bcce90ae0c576c6274fe49a246c46d.js (12KB)
@nilo/app build: _expo/static/js/web/index-146f6ef43b50f709818e1e42ea2bfd47.js (2.1KB)
@nilo/app build: _expo/static/js/web/index-5a52e19b7e904ac3e7328b01a13813c2.js (7.8MB)
@nilo/app build: _expo/static/js/web/index-8c6d6a767452b02022d8149fb028e1e0.js (13KB)
@nilo/app build: _expo/static/js/web/info-A6RAGUB7-1977009ca35b008a7fec338210706ece.js (327B)
@nilo/app build: _expo/static/js/web/infoDiagram-27XIBGKW-96f3c6ec00320a38af48c03d56172586.js (723B)
@nilo/app build: _expo/static/js/web/internal-4fede048a8712c0f3498c2603dd2acb2.js (2.4KB)
@nilo/app build: _expo/static/js/web/ishikawaDiagram-5VMMS53U-c5c7c92953679706a6b0a1cd1cbc6bcb.js (18KB)
@nilo/app build: _expo/static/js/web/it-727187c0f70541dd8fc19c7bdec48ca5.js (65KB)
@nilo/app build: _expo/static/js/web/it-IT-3f41d6b4223a80d5ee94aaf09189d91f.js (13KB)
@nilo/app build: _expo/static/js/web/ja-6bdfc8485e1225e99071d54bd1369a87.js (104KB)
@nilo/app build: _expo/static/js/web/ja-JP-eee067d302789f606fbae911e1a1aa34.js (26KB)
@nilo/app build: _expo/static/js/web/journeyDiagram-3NMN7TZE-ce178187d9e237d3f5c579014c1b33a8.js (25KB)
@nilo/app build: _expo/static/js/web/kanban-definition-UXKFOSKX-4b95b2d8b213a47d64c2aa066847301d.js (21KB)
@nilo/app build: _expo/static/js/web/katex-858d742525abbf18115f52da717e1f7f.js (271KB)
@nilo/app build: _expo/static/js/web/katex-b3435af394963f5f9e0977cf29e30a48.js (270KB)
@nilo/app build: _expo/static/js/web/ko-KR-198f2b636baf1df9b447ee8d85be5e09.js (21KB)
@nilo/app build: _expo/static/js/web/LanguageSelectorScreen-f4c5dfb0ba93b01749b7469ea19c3b4a.js (3.6KB)
@nilo/app build: _expo/static/js/web/LearnMoreUsernamesScreen-24a4db097779326192d310c30d86af9b.js (4.7KB)
@nilo/app build: _expo/static/js/web/LegalDocumentsScreen-20ed083a4e8239a74973f464856640bd.js (4.4KB)
@nilo/app build: _expo/static/js/web/LinkCommonsScreen-55b50e3f9691c31fb9607b6c0c01119b.js (317B)
@nilo/app build: _expo/static/js/web/ManageAccountScreen-dc7feac244aeb46cef03ea3d08800a1b.js (22KB)
@nilo/app build: _expo/static/js/web/mermaid-2ac48879f32b9b81b948a92928aca79f.js (45KB)
@nilo/app build: _expo/static/js/web/mindmap-definition-YA3MSWOX-ef3555a0c688141ea8ad02ff233b2160.js (40KB)
@nilo/app build: _expo/static/js/web/NotificationsScreen-db5c4e015e848bdd31f534997f85e0cd.js (3.2KB)
@nilo/app build: _expo/static/js/web/OxyAccountDialogScreen-e00cecbb7df4bc53bac2bf95849811c5.js (43KB)
@nilo/app build: _expo/static/js/web/packet-AYTQ26CC-0e0c645628aaa72c04f5bb8f423d63cb.js (335B)
@nilo/app build: _expo/static/js/web/PaymentGatewayScreen-dd3d6c9f5cf52ed34f846c02b9a7b9e6.js (29KB)
@nilo/app build: _expo/static/js/web/pegDiagram-XKGWAZYB-f1abb040ec5ab534c1b150f5f69d34f8.js (2.2KB)
@nilo/app build: _expo/static/js/web/pie-WAS4IAKB-ed7885ca60935a63e5ee29450f438a19.js (323B)
@nilo/app build: _expo/static/js/web/pieDiagram-E7YTZNPT-51c2c6308e47a842f92d3151bef13d81.js (5.3KB)
@nilo/app build: _expo/static/js/web/PreferencesScreen-5a23986df8c94690ad7779424f30f61d.js (3.4KB)
@nilo/app build: _expo/static/js/web/PrivacySettingsScreen-fecdb74715ee4a6ec47df16af1c448d0.js (12KB)
@nilo/app build: _expo/static/js/web/ProfileScreen-89ae50a39958c558c7efbb388a44ae65.js (8.3KB)
@nilo/app build: _expo/static/js/web/pt-ac6bf62c68b73501ec42cc3d1d5c74f2.js (67KB)
@nilo/app build: _expo/static/js/web/pt-PT-86799dae2390ccfa8d9e6be65d5f6b49.js (14KB)
@nilo/app build: _expo/static/js/web/quadrantDiagram-AXDQQJYC-8358c3c7541e6c9350b602db77725446.js (35KB)
@nilo/app build: _expo/static/js/web/radar-RG4KPBEZ-6129b78c53f642ba08a0e46683b48e10.js (331B)
@nilo/app build: _expo/static/js/web/railroad-74A4TZTK-c34de88e3a20cc34e3f059fe4007d8d2.js (343B)
@nilo/app build: _expo/static/js/web/railroad-abnf-HS5TGJTU-108f7005fc3ae36333b05e80b4a4d3f7.js (359B)
@nilo/app build: _expo/static/js/web/railroad-ebnf-LZEXJU2U-2d664e152d48fdf7b4b9b03926c3b5ba.js (359B)
@nilo/app build: _expo/static/js/web/railroad-peg-WCYAUIDC-a229c38eb1737fe96ba717e46dd3a5e1.js (355B)
@nilo/app build: _expo/static/js/web/railroadDiagram-O6MQD6OU-4133cba7e2ef90a2673188f4ff6b3d0a.js (1.8KB)
@nilo/app build: _expo/static/js/web/requirementDiagram-BXWQKSXE-613d130859abbc2b57a17087e9d1415c.js (32KB)
@nilo/app build: _expo/static/js/web/ru-bd8bf71bfa79e6af9adb067382b2d990.js (199KB)
@nilo/app build: _expo/static/js/web/sankeyDiagram-P5KCCOFB-9088e35b68f4a84537e0eb0c2c7118d3.js (104KB)
@nilo/app build: _expo/static/js/web/SearchSettingsScreen-a04bec9d1f5a09f2eba8f8f95c2ca431.js (2.5KB)
@nilo/app build: _expo/static/js/web/SecureStore-df02c9034ed0334f5e985219229de6c3.js (2.4KB)
@nilo/app build: _expo/static/js/web/sequenceDiagram-WJ2MYXX4-01891f01ec8447b78f89086598952f22.js (120KB)
@nilo/app build: _expo/static/js/web/SignInAuthenticatorScreen-d4378ded1b0b6d062c77e559ba7373ef.js (319B)
@nilo/app build: _expo/static/js/web/SignInPasswordScreen-bf144828a7fbb976070af2ed0bc86358.js (359B)
@nilo/app build: _expo/static/js/web/sizeCapture-INFHLROL-ab73b6e8aca8cfa1378a34c903ffedef.js (1.2KB)
@nilo/app build: _expo/static/js/web/stateDiagram-D77RDMKH-384b6873c0910b05fdb3576f6df3f68d.js (12KB)
@nilo/app build: _expo/static/js/web/stateDiagram-v2-MP3YSRHH-464b13d53882b321ca207f58552e8ee9.js (640B)
@nilo/app build: _expo/static/js/web/swimlanes-42K2YHIH-f70dd19ad2c0320b120952ddb519877c.js (119KB)
@nilo/app build: _expo/static/js/web/swimlanesDiagram-VR7AAH4N-e998257d9e66a49b73b57142c85ef6a9.js (687B)
@nilo/app build: _expo/static/js/web/timeline-definition-24CTP7MA-d2690ef578f99239758bd54aa919c729.js (32KB)
@nilo/app build: _expo/static/js/web/tr-90bcbad48de1d9b5a6631b5bcd703971.js (71KB)
@nilo/app build: _expo/static/js/web/treemap-WGGIJYW6-20e10a78f2e5d4c01c7ee19cc58125c7.js (339B)
@nilo/app build: _expo/static/js/web/treeView-Q6P3EWNA-09e83cf13ecafe152391c976ff9e5262.js (343B)
@nilo/app build: _expo/static/js/web/TrustAboutScreen-228434c316c71befc7af5bf3e541ec2d.js (4.9KB)
@nilo/app build: _expo/static/js/web/TrustCenterScreen-5ca6d48ebf600941182e345cba3b0411.js (4.4KB)
@nilo/app build: _expo/static/js/web/TrustFAQScreen-65dce15a9a5c60deef764c95ba73f9c0.js (1.8KB)
@nilo/app build: _expo/static/js/web/TrustLeaderboardScreen-847f59b3124fbc89e983ffac26c55a4b.js (4.3KB)
@nilo/app build: _expo/static/js/web/TrustRewardsScreen-beea65406ee8b8b17853136e68157587.js (9.4KB)
@nilo/app build: _expo/static/js/web/TrustRulesScreen-d4ec9db4aa79c59f3263285d6d49d9d1.js (2.2KB)
@nilo/app build: _expo/static/js/web/UserLinksScreen-3ec8142f235f1080f3238b6739882b55.js (1.1KB)
@nilo/app build: _expo/static/js/web/vennDiagram-4TSXK5OY-8998c6e2ef72c560982a369e8609c7be.js (45KB)
@nilo/app build: _expo/static/js/web/wardley-WFR3VGLG-f6b1caccefb425f97a1ec5ee93c3d19b.js (339B)
@nilo/app build: _expo/static/js/web/wardleyDiagram-VM6X3IG4-910c7a7213101532151f66de1d6a18e5.js (26KB)
@nilo/app build: _expo/static/js/web/WebBrowser-e700a83e7cc7159df5e82bab20aa4c02.js (8.4KB)
@nilo/app build: _expo/static/js/web/WelcomeNewUserScreen-d51b590d5867174cd3453f8b1d61ffd0.js (8.7KB)
@nilo/app build: _expo/static/js/web/xychartDiagram-S5SC5T6Z-aeeac54ff8cf56a1e2aed8aa8ff562b6.js (44KB)
@nilo/app build: _expo/static/js/web/zh-04a5d08349d0c7dfa493798e52d34412.js (81KB)
@nilo/app build: _expo/static/js/web/zh-CN-f677e7682d4abdcda9e9254f191be369.js (18KB)
@nilo/app build: 
@nilo/app build: › Files (3):
@nilo/app build: favicon.ico (15KB)
@nilo/app build: index.html (1.6KB)
@nilo/app build: metadata.json (49B)
@nilo/app build: 
@nilo/app build: Exported: dist
@nilo/app build: Exited with code 0
